[docs.nvidia.com/deeplearning/cudnn/archives/cudnn-897/index.html]
[backblue.gif]
[fade.gif]
[index.html]
[docs.nvidia.com/deeplearning/cudnn/archives/cudnn-897/common/formatting/site.css]
[assets.adobedtm.com/5d4962a43b79/c1061d2c5e7b/launch-191c2462b890.min.js]
[docs.nvidia.com/deeplearning/cudnn/archives/cudnn-897/common/formatting/jquery.min.js]
[docs.nvidia.com/deeplearning/cudnn/archives/cudnn-897/common/formatting/jquery.ba-hashchange.min.js]
[docs.nvidia.com/deeplearning/cudnn/archives/cudnn-897/search/htmlFileList.js]
[docs.nvidia.com/deeplearning/cudnn/archives/cudnn-897/search/htmlFileInfoList.js]
[docs.nvidia.com/deeplearning/cudnn/archives/cudnn-897/search/nwSearchFnt.min.js]
[docs.nvidia.com/deeplearning/cudnn/archives/cudnn-897/search/stemmers/en_stemmer.min.js]
[docs.nvidia.com/deeplearning/cudnn/archives/cudnn-897/search/index-1.js]
[docs.nvidia.com/deeplearning/cudnn/archives/cudnn-897/search/index-2.js]
[docs.nvidia.com/deeplearning/cudnn/archives/cudnn-897/search/index-3.js]
[docs.nvidia.com/deeplearning/cudnn/archives/cudnn-897/release-notes/index.html]
[docs.nvidia.com/deeplearning/cudnn/archives/cudnn-897/support-matrix/index.html]
[docs.nvidia.com/deeplearning/cudnn/archives/cudnn-897/install-guide/index.html]
[docs.nvidia.com/deeplearning/cudnn/archives/cudnn-897/api/index.html]
[docs.nvidia.com/deeplearning/cudnn/archives/cudnn-897/developer-guide/index.html]
[docs.nvidia.com/deeplearning/cudnn/archives/cudnn-897/sla/index.html]
[docs.nvidia.com/deeplearning/cudnn/archives/cudnn-897/common/formatting/NVIDIA-LogoBlack.svg]
[docs.nvidia.com/deeplearning/cudnn/archives/cudnn-897/common/scripts/google-analytics/google-analytics-write.js]
[docs.nvidia.com/deeplearning/cudnn/archives/cudnn-897/common/formatting/common.min.js]
[docs.nvidia.com/deeplearning/cudnn/archives/cudnn-897/common/scripts/google-analytics/google-analytics-tracker.js]
[docs.nvidia.com/deeplearning/cudnn/archives/cudnn-897/index.html]
[docs.nvidia.com/deeplearning/cudnn/archives/cudnn-897/common/formatting/fonts.css]
[docs.nvidia.com/deeplearning/cudnn/archives/cudnn-897/common/formatting/cppapiref.css]
[docs.nvidia.com/deeplearning/cudnn/archives/cudnn-897/common/formatting/bg-head.png]
[docs.nvidia.com/deeplearning/cudnn/archives/cudnn-897/common/formatting/company-header-logo.png]
[docs.nvidia.com/deeplearning/cudnn/archives/cudnn-897/common/formatting/site-title.png]
[docs.nvidia.com/deeplearning/cudnn/archives/cudnn-897/common/formatting/search-clear.png]
[docs.nvidia.com/deeplearning/cudnn/archives/cudnn-897/common/formatting/magnify.png]
[docs.nvidia.com/deeplearning/cudnn/archives/cudnn-897/common/formatting/bg-sidehead.png]
[docs.nvidia.com/deeplearning/cudnn/archives/cudnn-897/common/formatting/site.css]
[docs.nvidia.com/deeplearning/cudnn/archives/cudnn-897/t/index.html]
[docs.nvidia.com/deeplearning/cudnn/archives/cudnn-897/r/index.html]
[docs.nvidia.com/deeplearning/cudnn/archives/cudnn-897/developer.nvidia.com/blog/index.html]
[docs.nvidia.com/deeplearning/cudnn/archives/cudnn-897/Unable to load target-vec.20.delayed]
[docs.nvidia.com/deeplearning/cudnn/archives/cudnn-897/Loading target-vec.js]
[docs.nvidia.com/deeplearning/cudnn/archives/cudnn-897/tar.gz]
[docs.nvidia.com/deeplearning/cudnn/archives/cudnn-897/youtube.com/embed/index.html]
[docs.nvidia.com/deeplearning/cudnn/archives/cudnn-897/news.developer.nvidia.com/index.html]
[docs.nvidia.com/deeplearning/cudnn/archives/cudnn-897/Trident/index.html]
[docs.nvidia.com/deeplearning/cudnn/archives/cudnn-897/get/index.html]
[docs.nvidia.com/deeplearning/cudnn/archives/helpers/getObjectProperty.25.delayed]
[assets.adobedtm.com/5d4962a43b79/c1061d2c5e7b/launch-191c2462b890.min.js]
[docs.nvidia.com/deeplearning/cudnn/archives/cudnn-897/index-2.html]
[docs.nvidia.com/deeplearning/cudnn/archives/cudnn-897/common/formatting/commonltr.css]
[docs.nvidia.com/deeplearning/cudnn/archives/cudnn-897/common/formatting/jquery.scrollintoview.min.js]
[docs.nvidia.com/deeplearning/cudnn/archives/cudnn-897/common/formatting/qwcode.highlight.css]
[docs.nvidia.com/deeplearning/cudnn/archives/cudnn-897/release-notes/index.html]
[docs.nvidia.com/deeplearning/cudnn/archives/cudnn-897/support-matrix/index.html]
[docs.nvidia.com/deeplearning/cudnn/archives/cudnn-897/pdf/cuDNN-Support-Matrix.pdf]
[docs.nvidia.com/deeplearning/cudnn/archives/cudnn-897/pdf/cuDNN-Release-Notes.pdf]
[cdnjs.cloudflare.com/ajax/libs/mathjax/3.2.2/es5/tex-mml-svg.min.js]
[docs.nvidia.com/deeplearning/cudnn/archives/cudnn-897/install-guide/index.html]
[docs.nvidia.com/deeplearning/cudnn/archives/cudnn-897/pdf/cuDNN-Installation-Guide.pdf]
[docs.nvidia.com/deeplearning/cudnn/archives/cudnn-897/pdf/cuDNN-API.pdf]
[docs.nvidia.com/deeplearning/cudnn/archives/cudnn-897/api/graphics/library-ovr.png]
[docs.nvidia.com/deeplearning/cudnn/archives/cudnn-897/api/graphics/fused-op-block-diag-opcode0.svg]
[docs.nvidia.com/deeplearning/cudnn/archives/cudnn-897/api/graphics/multiheadattnforward.png]
[docs.nvidia.com/deeplearning/cudnn/archives/cudnn-897/api/graphics/cudnnRNNForward-locations.png]
[docs.nvidia.com/deeplearning/cudnn/archives/cudnn-897/api/graphics/cudnnRNNForward-flow.png]
[docs.nvidia.com/deeplearning/cudnn/archives/cudnn-897/api/graphics/cudnnSetSeqDataDescriptor.png]
[docs.nvidia.com/deeplearning/cudnn/archives/cudnn-897/api/graphics/cudnnRNNBackwardData-locations.png]
[docs.nvidia.com/deeplearning/cudnn/archives/cudnn-897/api/index.html]
[docs.nvidia.com/deeplearning/cudnn/archives/cudnn-897/developer-guide/graphics/fig-example-x32.png]
[docs.nvidia.com/deeplearning/cudnn/archives/cudnn-897/pdf/cuDNN-Developer-Guide.pdf]
[docs.nvidia.com/deeplearning/cudnn/archives/cudnn-897/developer-guide/graphics/fig-nchw-layout-x32.svg]
[docs.nvidia.com/deeplearning/cudnn/archives/cudnn-897/developer-guide/graphics/fig-nhwc-layout-x32.svg]
[docs.nvidia.com/deeplearning/cudnn/archives/cudnn-897/developer-guide/graphics/fig-nc32hw32-layout-x32.png]
[docs.nvidia.com/deeplearning/cudnn/archives/cudnn-897/developer-guide/graphics/tensor-op-fp16-input.svg]
[docs.nvidia.com/deeplearning/cudnn/archives/cudnn-897/developer-guide/graphics/Intro_ops.png]
[docs.nvidia.com/deeplearning/cudnn/archives/cudnn-897/developer-guide/graphics/Intro_connected.png]
[docs.nvidia.com/deeplearning/cudnn/archives/cudnn-897/developer-guide/graphics/ConvFwd.png]
[docs.nvidia.com/deeplearning/cudnn/archives/cudnn-897/developer-guide/graphics/ConvBwFilter.png]
[docs.nvidia.com/deeplearning/cudnn/archives/cudnn-897/developer-guide/graphics/ConvBwData.png]
[docs.nvidia.com/deeplearning/cudnn/archives/cudnn-897/developer-guide/graphics/normalizationforward.png]
[docs.nvidia.com/deeplearning/cudnn/archives/cudnn-897/developer-guide/graphics/normalizationbackward.png]
[docs.nvidia.com/deeplearning/cudnn/archives/cudnn-897/developer-guide/graphics/diagrams.png]
[docs.nvidia.com/deeplearning/cudnn/archives/cudnn-897/developer-guide/graphics/example_conv.png]
[docs.nvidia.com/deeplearning/cudnn/archives/cudnn-897/developer-guide/graphics/example_conv_pw.png]
[docs.nvidia.com/deeplearning/cudnn/archives/cudnn-897/developer-guide/graphics/mxnet.png]
[docs.nvidia.com/deeplearning/cudnn/archives/cudnn-897/developer-guide/graphics/matmul.png]
[docs.nvidia.com/deeplearning/cudnn/archives/cudnn-897/developer-guide/graphics/conv_DAG.png]
[docs.nvidia.com/deeplearning/cudnn/archives/cudnn-897/developer-guide/graphics/value-input-tensor.png]
[docs.nvidia.com/deeplearning/cudnn/archives/cudnn-897/developer-guide/graphics/bnaddrelu.png]
[docs.nvidia.com/deeplearning/cudnn/archives/cudnn-897/developer-guide/graphics/multi-gpu-batch-norm.png]
[docs.nvidia.com/deeplearning/cudnn/archives/cudnn-897/developer-guide/graphics/dreluforkdbn.png]
[docs.nvidia.com/deeplearning/cudnn/archives/cudnn-897/developer-guide/graphics/mha-fprop.png]
[docs.nvidia.com/deeplearning/cudnn/archives/cudnn-897/developer-guide/graphics/dag1.png]
[docs.nvidia.com/deeplearning/cudnn/archives/cudnn-897/developer-guide/graphics/padding-mask.png]
[docs.nvidia.com/deeplearning/cudnn/archives/cudnn-897/developer-guide/graphics/dag-causal-mask.png]
[docs.nvidia.com/deeplearning/cudnn/archives/cudnn-897/developer-guide/graphics/softmax.png]
[docs.nvidia.com/deeplearning/cudnn/archives/cudnn-897/developer-guide/graphics/dropout.png]
[docs.nvidia.com/deeplearning/cudnn/archives/cudnn-897/developer-guide/graphics/mha-bprop.png]
[docs.nvidia.com/deeplearning/cudnn/archives/cudnn-897/developer-guide/graphics/g5.png]
[docs.nvidia.com/deeplearning/cudnn/archives/cudnn-897/developer-guide/graphics/g6.png]
[docs.nvidia.com/deeplearning/cudnn/archives/cudnn-897/developer-guide/graphics/mask-dag.png]
[docs.nvidia.com/deeplearning/cudnn/archives/cudnn-897/developer-guide/graphics/dbias-dag.png]
[docs.nvidia.com/deeplearning/cudnn/archives/cudnn-897/developer-guide/graphics/g7.png]
[docs.nvidia.com/deeplearning/cudnn/archives/cudnn-897/developer-guide/graphics/flash-fprop.png]
[docs.nvidia.com/deeplearning/cudnn/archives/cudnn-897/developer-guide/graphics/fprop-causal-mask.png]
[docs.nvidia.com/deeplearning/cudnn/archives/cudnn-897/developer-guide/graphics/fprop-softmax.png]
[docs.nvidia.com/deeplearning/cudnn/archives/cudnn-897/developer-guide/graphics/fprop-dropout.png]
[docs.nvidia.com/deeplearning/cudnn/archives/cudnn-897/developer-guide/graphics/bprop-op-graph.png]
[docs.nvidia.com/deeplearning/cudnn/archives/cudnn-897/developer-guide/graphics/ConvBNfprop.png]
[docs.nvidia.com/deeplearning/cudnn/archives/cudnn-897/developer-guide/graphics/new-pattern.png]
[docs.nvidia.com/deeplearning/cudnn/archives/cudnn-897/developer-guide/graphics/ConvBNwgrad.png]
[docs.nvidia.com/deeplearning/cudnn/archives/cudnn-897/developer-guide/graphics/ConvBiasAct.png]
[docs.nvidia.com/deeplearning/cudnn/archives/cudnn-897/developer-guide/graphics/ConvScaleBiasAct.png]
[docs.nvidia.com/deeplearning/cudnn/archives/cudnn-897/developer-guide/graphics/DgradDreluBnBwdWeight.png]
[docs.nvidia.com/deeplearning/cudnn/archives/cudnn-897/developer-guide/graphics/pointwise-options.png]
[docs.nvidia.com/deeplearning/cudnn/archives/cudnn-897/developer-guide/graphics/fmha-forward-pass.png]
[docs.nvidia.com/deeplearning/cudnn/archives/cudnn-897/developer-guide/graphics/fmha-backward-pass.png]
[docs.nvidia.com/deeplearning/cudnn/archives/cudnn-897/developer-guide/graphics/tensor-op-fp32-to-fp16.svg]
[docs.nvidia.com/deeplearning/cudnn/archives/cudnn-897/developer-guide/graphics/alpha-beta-dstValue.png]
[docs.nvidia.com/deeplearning/cudnn/archives/cudnn-897/developer-guide/graphics/cudnnConvolutionBiasActivationForward.png]
[docs.nvidia.com/deeplearning/cudnn/archives/cudnn-897/developer-guide/index.html]
[docs.nvidia.com/deeplearning/cudnn/archives/cudnn-897/sla/index.html]
[docs.nvidia.com/deeplearning/cudnn/archives/cudnn-897/common/formatting/NVIDIA-LogoBlack.svg]
[docs.nvidia.com/deeplearning/cudnn/archives/cudnn-897/common/formatting/fonts.css]
[docs.nvidia.com/deeplearning/cudnn/archives/cudnn-897/common/formatting/cppapiref.css]
[docs.nvidia.com/deeplearning/cudnn/archives/cudnn-897/t/index.html]
[docs.nvidia.com/deeplearning/cudnn/archives/cudnn-897/developer.nvidia.com/blog/index.html]
[docs.nvidia.com/deeplearning/cudnn/archives/cudnn-897/r/index.html]
[docs.nvidia.com/deeplearning/cudnn/archives/cudnn-897/Unable to load target-vec.html]
[docs.nvidia.com/deeplearning/cudnn/archives/cudnn-897/Loading target-vec.html]
[docs.nvidia.com/deeplearning/cudnn/archives/cudnn-897/youtube.com/embed/index.html]
[docs.nvidia.com/deeplearning/cudnn/archives/cudnn-897/news.developer.nvidia.com/index.html]
[docs.nvidia.com/deeplearning/cudnn/archives/cudnn-897/tar.html]
[docs.nvidia.com/deeplearning/cudnn/archives/cudnn-897/Trident/index.html]
[docs.nvidia.com/deeplearning/cudnn/archives/cudnn-897/get/index.html]
[docs.nvidia.com/deeplearning/cudnn/archives/helpers/getObjectProperty.html]
[docs.nvidia.com/deeplearning/cudnn/archives/cudnn-897/index-2.html]
[docs.nvidia.com/deeplearning/cudnn/archives/cudnn-897/common/formatting/commonltr.css]
[docs.nvidia.com/deeplearning/cudnn/archives/cudnn-897/common/formatting/qwcode.highlight.css]
[docs.nvidia.com/deeplearning/cudnn/archives/cudnn-897/api/graphics/fused-op-block-diag-opcode0.svg]
[docs.nvidia.com/deeplearning/cudnn/archives/cudnn-897/developer-guide/graphics/fig-nchw-layout-x32.svg]
[docs.nvidia.com/deeplearning/cudnn/archives/cudnn-897/developer-guide/graphics/fig-nhwc-layout-x32.svg]
[docs.nvidia.com/deeplearning/cudnn/archives/cudnn-897/developer-guide/graphics/tensor-op-fp16-input.svg]
[docs.nvidia.com/deeplearning/cudnn/archives/cudnn-897/developer-guide/graphics/tensor-op-fp32-to-fp16.svg]
[docs.nvidia.com/deeplearning/cudnn/archives/cudnn-897/pdf/cuDNN-SLA.pdf]
[cdn.bizible.com/scripts/bizible585a.html]
